02:07 PM
ERROR: No Alpaca API keys found.
  Set ALPACA_PAPER_KEY and ALPACA_PAPER_SECRET env vars, or
  create alpaca_keys.txt in this folder with:
    API_KEY=your_key_here
    API_SECRET=your_secret_here
02:07 PM
02:08 PM
ERROR: No Alpaca API keys found.
  Set ALPACA_PAPER_KEY and ALPACA_PAPER_SECRET env vars, or
  create alpaca_keys.txt in this folder with:
    API_KEY=your_key_here
    API_SECRET=your_secret_here
02:08 PM
02:08 PM
ERROR: No Alpaca API keys found.
  Set ALPACA_PAPER_KEY and ALPACA_PAPER_SECRET env vars, or
  create alpaca_keys.txt in this folder with:
    API_KEY=your_key_here
    API_SECRET=your_secret_here
02:08 PM
02:09 PM
^C02:11 PM
^C02:12 PM
^C02:19 PM
^C